<!DOCTYPE html>
<html lang="en">
    <head>
        <meta charset="utf-8" />
        <!--[if IE]><meta http-equiv="X-UA-Compatible" content="IE=edge,chrome=1" /><![endif]-->
        <title>boilerplate-test - (version 0.0.0)</title>
        <meta name="viewport" content="width=device-width, initial-scale=1.0">

        <link rel="shortcut icon" href="files/favicon.ico">
        <link rel="apple-touch-icon-precomposed" href="files/logo-144x144.png">

        <link rel="stylesheet" href="styles/test/main.css"/>

        <link rel="stylesheet" href="styles/test/test3.css" media="screen" />
        
        <script src="js/test/vendor/modernizr.min.js"></script>
    </head>
    
    <body class="no-js">
    
    <div id="page-wrapper">
    <!--noindex-->
        <div class="imported-content">This content has been imported</div>
        <div class="header" role="banner">

        </div><!-- /.header -->
    <!--endnoindex-->
            <!-- start main-content -->
            <div id="main" role="main">

            </div><!-- /#main -->
            <!-- end main-content -->
    <!--noindex-->
        <div class="footer" role="contentinfo">

        </div><!-- /.footer -->
    <!--endnoindex-->
    </div><!-- /#page-wrapper -->
    <script src="js/test/vendor/jquery.min.js"></script>
    <script src="js/test/global.js"></script>

    </body>
</html>